127.0.0.1 - - [04/Oct/2026 02:29:27] "GET /dist/liquid-canvas.html HTTP/1.1" 200 -
127.0.0.1 - - [04/Oct/2026 02:29:27] "GET /src/studies/style.css HTTP/1.1" 200 -
127.0.0.1 - - [04/Oct/2026 02:29:27] "GET /src/studies/fluid.css HTTP/1.1" 200 -
127.0.0.1 - - [04/Oct/2026 02:29:27] "GET /src/studies/main.mjs HTTP/1.1" 200 -
127.0.0.1 - - [04/Oct/2026 02:29:27] "GET /assets/studies/atlas/transport.webp HTTP/1.1" 200 -
127.0.0.1 - - [04/Oct/2026 02:29:27] "GET /assets/studies/atlas/portal.webp HTTP/1.1" 200 -
127.0.0.1 - - [04/Oct/2026 02:29:27] "GET /assets/studies/atlas/matrix.webp HTTP/1.1" 200 -
127.0.0.1 - - [04/Oct/2026 02:29:27] "GET /assets/studies/atlas/temporal.webp HTTP/1.1" 200 -
127.0.0.1 - - [04/Oct/2026 02:29:27] "GET /assets/studies/atlas/fluid.webp HTTP/1.1" 200 -
127.0.0.1 - - [04/Oct/2026 02:29:27] "GET /assets/studies/atlas/optical.webp HTTP/1.1" 200 -
127.0.0.1 - - [04/Oct/2026 02:29:27] "GET /assets/studies/atlas/shadow.webp HTTP/1.1" 200 -
127.0.0.1 - - [04/Oct/2026 02:29:27] "GET /assets/studies/atlas/folding.webp HTTP/1.1" 200 -
127.0.0.1 - - [04/Oct/2026 02:29:27] "GET /src/studies/core.mjs HTTP/1.1" 200 -
127.0.0.1 - - [04/Oct/2026 02:29:27] "GET /src/studies/filmstrip.mjs HTTP/1.1" 200 -
127.0.0.1 - - [04/Oct/2026 02:29:27] "GET /src/studies/math.mjs HTTP/1.1" 200 -
127.0.0.1 - - [04/Oct/2026 02:29:27] "GET /src/studies/fluid.mjs HTTP/1.1" 200 -
127.0.0.1 - - [04/Oct/2026 02:29:27] "GET /assets/studies/fluid-paper.png HTTP/1.1" 200 -
127.0.0.1 - - [04/Oct/2026 02:29:27] "GET /assets/studies/fluid-mineral.png HTTP/1.1" 200 -
127.0.0.1 - - [04/Oct/2026 02:29:27] "GET /assets/studies/fluid-light.png HTTP/1.1" 200 -
127.0.0.1 - - [04/Oct/2026 02:29:27] "GET /assets/studies/fluid-ink.png HTTP/1.1" 200 -
PASS four original chapter paintings decoded
PASS native-resolution texture flow available
PASS eight peer links keep study 05 selected
PASS four local chapter buttons with distinct art
PASS 1440px mineral full chapter copy and artwork synchronized
PASS 1440px mineral navigation and pause preserved
PASS 1440px mineral no horizontal overflow
PASS 1440px mineral editorial blocks do not overlap
PASS 1440px ink full chapter copy and artwork synchronized
PASS 1440px ink navigation and pause preserved
PASS 1440px ink no horizontal overflow
PASS 1440px ink editorial blocks do not overlap
PASS 1440px paper full chapter copy and artwork synchronized
PASS 1440px paper navigation and pause preserved
PASS 1440px paper no horizontal overflow
PASS 1440px paper editorial blocks do not overlap
PASS 1440px light full chapter copy and artwork synchronized
PASS 1440px light navigation and pause preserved
PASS 1440px light no horizontal overflow
PASS 1440px light editorial blocks do not overlap
PASS 1024px mineral full chapter copy and artwork synchronized
PASS 1024px mineral navigation and pause preserved
PASS 1024px mineral no horizontal overflow
PASS 1024px mineral editorial blocks do not overlap
PASS 1024px ink full chapter copy and artwork synchronized
PASS 1024px ink navigation and pause preserved
PASS 1024px ink no horizontal overflow
PASS 1024px ink editorial blocks do not overlap
PASS 1024px paper full chapter copy and artwork synchronized
PASS 1024px paper navigation and pause preserved
PASS 1024px paper no horizontal overflow
PASS 1024px paper editorial blocks do not overlap
PASS 1024px light full chapter copy and artwork synchronized
PASS 1024px light navigation and pause preserved
PASS 1024px light no horizontal overflow
PASS 1024px light editorial blocks do not overlap
PASS 768px mineral full chapter copy and artwork synchronized
PASS 768px mineral navigation and pause preserved
PASS 768px mineral no horizontal overflow
PASS 768px mineral editorial blocks do not overlap
PASS 768px ink full chapter copy and artwork synchronized
PASS 768px ink navigation and pause preserved
PASS 768px ink no horizontal overflow
PASS 768px ink editorial blocks do not overlap
PASS 768px paper full chapter copy and artwork synchronized
PASS 768px paper navigation and pause preserved
PASS 768px paper no horizontal overflow
PASS 768px paper editorial blocks do not overlap
PASS 768px light full chapter copy and artwork synchronized
PASS 768px light navigation and pause preserved
PASS 768px light no horizontal overflow
PASS 768px light editorial blocks do not overlap
PASS 390px mineral full chapter copy and artwork synchronized
PASS 390px mineral navigation and pause preserved
PASS 390px mineral no horizontal overflow
PASS 390px mineral editorial blocks do not overlap
PASS 390px ink full chapter copy and artwork synchronized
PASS 390px ink navigation and pause preserved
PASS 390px ink no horizontal overflow
PASS 390px ink editorial blocks do not overlap
PASS 390px paper full chapter copy and artwork synchronized
PASS 390px paper navigation and pause preserved
PASS 390px paper no horizontal overflow
PASS 390px paper editorial blocks do not overlap
PASS 390px light full chapter copy and artwork synchronized
PASS 390px light navigation and pause preserved
PASS 390px light no horizontal overflow
PASS 390px light editorial blocks do not overlap
PASS 320px mineral full chapter copy and artwork synchronized
PASS 320px mineral navigation and pause preserved
PASS 320px mineral no horizontal overflow
PASS 320px mineral editorial blocks do not overlap
PASS 320px ink full chapter copy and artwork synchronized
PASS 320px ink navigation and pause preserved
PASS 320px ink no horizontal overflow
PASS 320px ink editorial blocks do not overlap
PASS 320px paper full chapter copy and artwork synchronized
PASS 320px paper navigation and pause preserved
PASS 320px paper no horizontal overflow
PASS 320px paper editorial blocks do not overlap
PASS 320px light full chapter copy and artwork synchronized
PASS 320px light navigation and pause preserved
PASS 320px light no horizontal overflow
PASS 320px light editorial blocks do not overlap
PASS all four chapters have distinct canvas pixels
PASS pigment transition renders intermediate frames
PASS chapter prose shares the transition clock
PASS transition settles to legible prose
PASS camera playback advances actual pixels
Traceback (most recent call last):
  File "D:\AI_Projects\chromatic-tile-transport\tests\fluid_browser.py", line 217, in <module>
    run(parser.parse_args().output)
  File "D:\AI_Projects\chromatic-tile-transport\tests\fluid_browser.py", line 107, in run
    page.wait_for_function('VisualStudy.inspect().transition===1')
  File "C:\Users\39795\AppData\Local\Programs\Python\Python312\Lib\site-packages\playwright\sync_api\_generated.py", line 12761, in wait_for_function
    self._sync(
  File "C:\Users\39795\AppData\Local\Programs\Python\Python312\Lib\site-packages\playwright\_impl\_sync_base.py", line 115, in _sync
    return task.result()
           ^^^^^^^^^^^^^
  File "C:\Users\39795\AppData\Local\Programs\Python\Python312\Lib\site-packages\playwright\_impl\_page.py", line 1151, in wait_for_function
    return await self._main_frame.wait_for_function(**locals_to_params(locals()))
           ^^^^^^^^^^^^^^^^^^^^^^^^^^^^^^^^^^^^^^^^^^^^^^^^^^^^^^^^^^^^^^^^^^^^^^
  File "C:\Users\39795\AppData\Local\Programs\Python\Python312\Lib\site-packages\playwright\_impl\_frame.py", line 940, in wait_for_function
    await self._channel.send("waitForFunction", self._timeout, params)
  File "C:\Users\39795\AppData\Local\Programs\Python\Python312\Lib\site-packages\playwright\_impl\_connection.py", line 76, in send
    return await self._connection.wrap_api_call(
           ^^^^^^^^^^^^^^^^^^^^^^^^^^^^^^^^^^^^^
  File "C:\Users\39795\AppData\Local\Programs\Python\Python312\Lib\site-packages\playwright\_impl\_connection.py", line 632, in wrap_api_call
    raise rewrite_error(error, f"{parsed_st['apiName']}: {error}") from None
playwright._impl._errors.TimeoutError: Page.wait_for_function: Timeout 30000ms exceeded.
