[2026-10-04T02:16:51.1997364+08:00] watcher-start target=s05-fluid shellPid=4968
[2026-10-04T02:16:52.5239166+08:00] heartbeat shell=True codexPids=5108 result=False meta=False last=False
[2026-10-04T02:17:23.4893126+08:00] heartbeat shell=True codexPids=5108 result=False meta=False last=False
[2026-10-04T02:17:54.4455015+08:00] heartbeat shell=True codexPids=5108 result=False meta=False last=False
[2026-10-04T02:18:25.3654916+08:00] heartbeat shell=True codexPids=5108 result=False meta=False last=False
[2026-10-04T02:18:56.4275678+08:00] heartbeat shell=True codexPids=5108 result=False meta=False last=False
[2026-10-04T02:19:27.4814173+08:00] heartbeat shell=True codexPids=5108 result=False meta=False last=False
[2026-10-04T02:19:58.5781616+08:00] heartbeat shell=True codexPids=5108 result=False meta=False last=False
[2026-10-04T02:20:29.7825887+08:00] heartbeat shell=True codexPids=5108 result=False meta=False last=False
[2026-10-04T02:21:00.7661772+08:00] heartbeat shell=True codexPids=5108 result=False meta=False last=False
[2026-10-04T02:21:31.7060738+08:00] heartbeat shell=True codexPids=5108 result=False meta=False last=False
[2026-10-04T02:22:02.8932939+08:00] heartbeat shell=True codexPids=5108 result=False meta=False last=False
[2026-10-04T02:22:33.8551859+08:00] heartbeat shell=True codexPids=5108 result=False meta=False last=False
[2026-10-04T02:23:04.7848282+08:00] heartbeat shell=True codexPids=5108 result=False meta=False last=False
[2026-10-04T02:23:35.8602666+08:00] heartbeat shell=True codexPids=5108 result=False meta=False last=False
[2026-10-04T02:24:06.9715851+08:00] heartbeat shell=True codexPids=5108 result=False meta=False last=False
[2026-10-04T02:24:38.0641119+08:00] heartbeat shell=True codexPids=5108 result=False meta=False last=False
[2026-10-04T02:25:09.4344522+08:00] heartbeat shell=True codexPids=5108 result=False meta=False last=False
[2026-10-04T02:25:40.7206168+08:00] heartbeat shell=True codexPids=5108 result=False meta=False last=False
[2026-10-04T02:26:11.8619185+08:00] heartbeat shell=True codexPids=5108 result=False meta=False last=False
[2026-10-04T02:26:43.6361006+08:00] heartbeat shell=True codexPids=5108 result=False meta=False last=False
[2026-10-04T02:27:15.5387880+08:00] heartbeat shell=True codexPids=5108 result=False meta=False last=False
[2026-10-04T02:27:48.5194389+08:00] heartbeat shell=True codexPids=5108 result=False meta=False last=False
[2026-10-04T02:28:20.2102244+08:00] heartbeat shell=True codexPids=5108 result=False meta=False last=False
[2026-10-04T02:28:51.9763369+08:00] heartbeat shell=True codexPids=5108 result=False meta=False last=False
[2026-10-04T02:29:23.3380285+08:00] heartbeat shell=True codexPids=5108 result=False meta=False last=False
[2026-10-04T02:29:55.4485273+08:00] heartbeat shell=True codexPids=5108 result=False meta=False last=False
[2026-10-04T02:30:26.9400522+08:00] heartbeat shell=True codexPids=5108 result=False meta=False last=False
[2026-10-04T02:30:59.5181566+08:00] heartbeat shell=True codexPids=5108 result=False meta=False last=False
[2026-10-04T02:31:31.2271336+08:00] heartbeat shell=True codexPids=5108 result=False meta=False last=False
[2026-10-04T02:32:02.4708846+08:00] heartbeat shell=True codexPids=5108 result=False meta=False last=False
[2026-10-04T02:32:34.9462380+08:00] heartbeat shell=True codexPids=5108 result=False meta=False last=False
[2026-10-04T02:33:07.5425639+08:00] heartbeat shell=True codexPids=5108 result=False meta=False last=False
[2026-10-04T02:33:39.6929629+08:00] heartbeat shell=True codexPids=5108 result=False meta=False last=False
[2026-10-04T02:34:12.4970703+08:00] heartbeat shell=True codexPids=5108 result=False meta=False last=False
[2026-10-04T02:34:45.1749414+08:00] heartbeat shell=True codexPids=5108 result=False meta=False last=False
[2026-10-04T02:35:16.6887633+08:00] heartbeat shell=True codexPids=5108 result=False meta=False last=False
[2026-10-04T02:35:48.4076209+08:00] heartbeat shell=True codexPids=5108 result=False meta=False last=False
[2026-10-04T02:36:19.6833501+08:00] heartbeat shell=True codexPids=5108 result=False meta=False last=False
[2026-10-04T02:36:51.5464975+08:00] heartbeat shell=True codexPids=5108 result=False meta=False last=False
[2026-10-04T02:37:24.8762312+08:00] heartbeat shell=True codexPids=5108 result=False meta=False last=False
[2026-10-04T02:37:56.4899090+08:00] heartbeat shell=True codexPids=5108 result=False meta=False last=False
[2026-10-04T02:38:29.3670889+08:00] heartbeat shell=True codexPids=5108 result=False meta=False last=False
[2026-10-04T02:39:00.6905413+08:00] heartbeat shell=True codexPids=5108 result=False meta=False last=False
[2026-10-04T02:39:31.6404333+08:00] heartbeat shell=True codexPids=5108 result=False meta=False last=False
[2026-10-04T02:40:03.0311341+08:00] heartbeat shell=True codexPids=5108 result=False meta=False last=False
[2026-10-04T02:40:34.6423730+08:00] heartbeat shell=True codexPids=5108 result=False meta=False last=False
[2026-10-04T02:41:06.0778420+08:00] heartbeat shell=True codexPids=5108 result=False meta=False last=False
[2026-10-04T02:41:37.7234410+08:00] heartbeat shell=True codexPids=5108 result=False meta=False last=False
[2026-10-04T02:42:08.7289531+08:00] heartbeat shell=True codexPids=5108 result=False meta=False last=False
[2026-10-04T02:42:39.8197628+08:00] heartbeat shell=True codexPids=5108 result=False meta=False last=False
[2026-10-04T02:43:10.8948682+08:00] heartbeat shell=True codexPids=5108 result=False meta=False last=False
[2026-10-04T02:43:41.9470014+08:00] heartbeat shell=True codexPids=5108 result=False meta=False last=False
[2026-10-04T02:44:13.1737214+08:00] heartbeat shell=True codexPids=5108 result=False meta=False last=False
[2026-10-04T02:44:44.2785670+08:00] heartbeat shell=True codexPids=5108 result=True meta=False last=False
[2026-10-04T02:45:15.8954472+08:00] heartbeat shell=True codexPids=5108 result=True meta=False last=False
[2026-10-04T02:45:47.2059168+08:00] heartbeat shell=True codexPids=5108 result=True meta=False last=False
[2026-10-04T02:46:18.9917038+08:00] settled result=True meta=True last=True
[2026-10-04T02:46:19.0033013+08:00] watcher-end
