Built D:\AI_Projects\chromatic-tile-transport\dist\index.html (3,114,461 bytes)
matcher: 8 passed
timing: 11 passed
PASS Primary WebGL 2 renderer starts without GL errors
PASS Zero external network requests (local Blob worker allowed)
PASS All five desktop plans have unique target cells
PASS Every actual-image pair lowers mean weighted colour error vs same-position
PASS Every actual-image refinement lowers total objective
PASS Five pairs produce five distinct maps
PASS All five endpoints display different, nonblank complete images
PASS Reverse seeking returns to exactly the same pixels
PASS Paused transition does not drift
PASS A/B modes use visibly different mapping at same progress
PASS Original-colour tracking affects late transport
PASS Spatial preference changes map and reduces travel distance
PASS Timeline input seeks precisely
PASS Wheel scrub advances current transition
PASS Autoplay advances, then can be paused
PASS Loop boundary and negative seek render without errors
PASS Fine grid recalculates and renders over 24,000 cells
PASS Immersive mode recomputes visible crop correctly
PASS Reduced-motion control disables animated playback
PASS 390px mobile layout and settings have no horizontal overflow
PASS Rapid resize does not apply a stale worker result
PASS Canvas fallback uses content-aware bijective plans
PASS Canvas fallback renders intermediate transport
PASS No Worker environment still calculates valid maps
PASS No uncaught browser JavaScript errors
TOTAL 25 PASSED 25
PASS All five original colour assignments are unchanged, hash for hash
PASS Actual-image plans have no stationary timing samples in either handoff
PASS Actual GPU pixels change across both formerly stagnant windows in every pair
PASS Five cyclic seams finish at pixel-identical complete images
PASS Runtime exposes the shared deterministic timing used by both renderers
PASS Runtime rejects invalid density, duration, booleans and mapping
PASS Generic two-image project builds and renders the reverse loop
PASS No uncaught browser errors
TOTAL 8 PASSED 8
test_bad_timing_rejected (test_build.BuildTests.test_bad_timing_rejected) ... ok
test_default_reproducible (test_build.BuildTests.test_default_reproducible) ... ok
test_duplicate_slug (test_build.BuildTests.test_duplicate_slug) ... ok
test_focal_outside_range (test_build.BuildTests.test_focal_outside_range) ... ok
test_html_in_scene_is_not_script (test_build.BuildTests.test_html_in_scene_is_not_script) ... ok
test_image_info (test_build.BuildTests.test_image_info) ... ok
test_image_metadata_checked (test_build.BuildTests.test_image_metadata_checked) ... ok
test_invalid_boolean_rejected (test_build.BuildTests.test_invalid_boolean_rejected) ... ok
test_manifest_count (test_build.BuildTests.test_manifest_count) ... ok
test_outside_project_input_rejected (test_build.BuildTests.test_outside_project_input_rejected) ... ok
test_two_scene_build (test_build.BuildTests.test_two_scene_build) ... ok
test_unknown_config_rejected (test_build.BuildTests.test_unknown_config_rejected) ... ok
test_bool_is_not_duration (test_matrix_build.MatrixBuildTests.test_bool_is_not_duration) ... ok
test_default_config (test_matrix_build.MatrixBuildTests.test_default_config) ... ok
test_inline_contains_assets_and_scripts (test_matrix_build.MatrixBuildTests.test_inline_contains_assets_and_scripts) ... ok
test_linked_paths_are_relative_and_exist (test_matrix_build.MatrixBuildTests.test_linked_paths_are_relative_and_exist) ... ok
test_linked_stays_in_repository (test_matrix_build.MatrixBuildTests.test_linked_stays_in_repository) ... ok
test_matrix_build_preserves_transport_files (test_matrix_build.MatrixBuildTests.test_matrix_build_preserves_transport_files) ... ok
test_nonfinite_values_fail (test_matrix_build.MatrixBuildTests.test_nonfinite_values_fail) ... ok
test_outside_focus_fails (test_matrix_build.MatrixBuildTests.test_outside_focus_fails) ... ok
test_router_sync_does_not_overwrite_legacy_skill (test_matrix_build.MatrixBuildTests.test_router_sync_does_not_overwrite_legacy_skill) ... ok
test_standalone_outside_repository_has_portable_variant_links (test_matrix_build.MatrixBuildTests.test_standalone_outside_repository_has_portable_variant_links) ... ok
test_unknown_focus_fails (test_matrix_build.MatrixBuildTests.test_unknown_focus_fails) ... ok
test_unknown_options_fail (test_matrix_build.MatrixBuildTests.test_unknown_options_fail) ... ok
test_unknown_top_level_fails (test_matrix_build.MatrixBuildTests.test_unknown_top_level_fails) ... ok
test_user_text_cannot_break_out_of_script_or_title (test_matrix_build.MatrixBuildTests.test_user_text_cannot_break_out_of_script_or_title) ... ok
test_bad_repository_name_stops (test_publish.PublishTests.test_bad_repository_name_stops) ... ok
test_create_failure_never_pushes (test_publish.PublishTests.test_create_failure_never_pushes) ... ok
test_public_remote_never_receives_files (test_publish.PublishTests.test_public_remote_never_receives_files) ... ok
test_remote_sha_must_match (test_publish.PublishTests.test_remote_sha_must_match) ... ok
test_resume_still_checks_private (test_publish.PublishTests.test_resume_still_checks_private) ... ok
test_success_verifies_private_before_push (test_publish.PublishTests.test_success_verifies_private_before_push) ... ok
test_wrong_account_stops_before_git_changes (test_publish.PublishTests.test_wrong_account_stops_before_git_changes) ... ok
test_wrong_existing_origin_stops (test_publish.PublishTests.test_wrong_existing_origin_stops) ... ok
test_async_header_only_on_submission (test_token_plan_video.TokenPlanTests.test_async_header_only_on_submission) ... ok
test_credentials_use_only_explicit_environment (test_token_plan_video.TokenPlanTests.test_credentials_use_only_explicit_environment) ... ok
test_error_does_not_echo_credentials (test_token_plan_video.TokenPlanTests.test_error_does_not_echo_credentials) ... ok
test_head_sends_no_body (test_video_serving.VideoServingTests.test_head_sends_no_body) ... ok
test_invalid_and_empty_ranges (test_video_serving.VideoServingTests.test_invalid_and_empty_ranges) ... ok
test_ranges_return_exact_bytes_and_lengths (test_video_serving.VideoServingTests.test_ranges_return_exact_bytes_and_lengths) ... ok
test_whole_file (test_video_serving.VideoServingTests.test_whole_file) ... ok

----------------------------------------------------------------------
Ran 41 tests in 2.634s

OK

All requested checks passed.
