[2026-10-04T01:55:16.5926804+08:00] watcher-start target=s04-temporal shellPid=24672
[2026-10-04T01:55:17.0103091+08:00] heartbeat shell=True codexPids=24796 result=False meta=False last=False
[2026-10-04T01:55:47.4680352+08:00] heartbeat shell=True codexPids=24796 result=False meta=False last=False
[2026-10-04T01:56:18.6277485+08:00] heartbeat shell=True codexPids=24796 result=False meta=False last=False
[2026-10-04T01:56:48.9250746+08:00] heartbeat shell=True codexPids=24796 result=False meta=False last=False
[2026-10-04T01:57:19.8914320+08:00] heartbeat shell=True codexPids=24796 result=False meta=False last=False
[2026-10-04T01:57:50.2727355+08:00] heartbeat shell=True codexPids=24796 result=False meta=False last=False
[2026-10-04T01:58:20.5639063+08:00] heartbeat shell=True codexPids=24796 result=False meta=False last=False
[2026-10-04T01:58:50.9586557+08:00] heartbeat shell=True codexPids=24796 result=False meta=False last=False
[2026-10-04T01:59:21.1784357+08:00] heartbeat shell=True codexPids=24796 result=False meta=False last=False
[2026-10-04T01:59:51.4674421+08:00] heartbeat shell=True codexPids=24796 result=False meta=False last=False
[2026-10-04T02:00:21.7059647+08:00] heartbeat shell=True codexPids=24796 result=False meta=False last=False
[2026-10-04T02:00:51.9534870+08:00] heartbeat shell=True codexPids=24796 result=False meta=False last=False
[2026-10-04T02:01:22.2520828+08:00] heartbeat shell=True codexPids=24796 result=False meta=False last=False
[2026-10-04T02:01:52.4903026+08:00] heartbeat shell=True codexPids=24796 result=False meta=False last=False
[2026-10-04T02:02:22.7388828+08:00] heartbeat shell=True codexPids=24796 result=False meta=False last=False
[2026-10-04T02:02:53.0167773+08:00] heartbeat shell=True codexPids=24796 result=False meta=False last=False
[2026-10-04T02:03:23.4594815+08:00] heartbeat shell=True codexPids=24796 result=False meta=False last=False
[2026-10-04T02:03:53.7940545+08:00] heartbeat shell=True codexPids=24796 result=False meta=False last=False
[2026-10-04T02:04:24.4551352+08:00] heartbeat shell=True codexPids=24796 result=False meta=False last=False
[2026-10-04T02:04:54.9646756+08:00] heartbeat shell=True codexPids=24796 result=False meta=False last=False
[2026-10-04T02:05:25.2679932+08:00] heartbeat shell=True codexPids=24796 result=False meta=False last=False
[2026-10-04T02:05:55.5909932+08:00] heartbeat shell=True codexPids=24796 result=False meta=False last=False
[2026-10-04T02:06:26.0379005+08:00] heartbeat shell=True codexPids=24796 result=False meta=False last=False
[2026-10-04T02:06:56.8234957+08:00] heartbeat shell=True codexPids=24796 result=False meta=False last=False
[2026-10-04T02:07:27.1653849+08:00] heartbeat shell=True codexPids=24796 result=False meta=False last=False
[2026-10-04T02:07:57.6600348+08:00] heartbeat shell=True codexPids=24796 result=False meta=False last=False
[2026-10-04T02:08:28.1266018+08:00] heartbeat shell=True codexPids=24796 result=False meta=False last=False
[2026-10-04T02:08:58.9621021+08:00] heartbeat shell=True codexPids=24796 result=False meta=False last=False
[2026-10-04T02:09:29.4989018+08:00] heartbeat shell=True codexPids=24796 result=False meta=False last=False
[2026-10-04T02:10:00.0161277+08:00] heartbeat shell=True codexPids=24796 result=False meta=False last=False
[2026-10-04T02:10:30.7595661+08:00] heartbeat shell=True codexPids=24796 result=False meta=False last=False
[2026-10-04T02:11:01.3164012+08:00] heartbeat shell=True codexPids=24796 result=False meta=False last=False
[2026-10-04T02:11:31.8816267+08:00] heartbeat shell=True codexPids=24796 result=False meta=False last=False
[2026-10-04T02:12:02.2756134+08:00] heartbeat shell=True codexPids=24796 result=False meta=False last=False
[2026-10-04T02:12:32.9101443+08:00] heartbeat shell=True codexPids=24796 result=False meta=False last=False
[2026-10-04T02:13:03.3200514+08:00] heartbeat shell=True codexPids=24796 result=False meta=False last=False
[2026-10-04T02:13:33.7194875+08:00] heartbeat shell=True codexPids=24796 result=False meta=False last=False
[2026-10-04T02:14:04.0291759+08:00] heartbeat shell=True codexPids=24796 result=False meta=False last=False
[2026-10-04T02:14:34.3649199+08:00] heartbeat shell=True codexPids=24796 result=False meta=False last=False
[2026-10-04T02:15:04.7154540+08:00] heartbeat shell=True codexPids=24796 result=False meta=False last=False
[2026-10-04T02:15:34.9983820+08:00] heartbeat shell=True codexPids=24796 result=True meta=False last=False
[2026-10-04T02:16:05.2631994+08:00] heartbeat shell=True codexPids=24796 result=True meta=False last=False
[2026-10-04T02:16:36.2093082+08:00] settled result=True meta=True last=True
[2026-10-04T02:16:36.2124350+08:00] watcher-end
